[    2967ms] [ERROR] The source list for the Content Security Policy directive 'connect-src' contains an invalid source: '/gateway/api/ais/available-products'. It will be ignored. @ https://trello.com/:0
[    2967ms] [ERROR] The source list for the Content Security Policy directive 'connect-src' contains an invalid source: '/gateway/api/cookie-integrator/api/onetrust/jwt'. It will be ignored. @ https://trello.com/:0
[    2967ms] [ERROR] The Content Security Policy directive 'sandbox' is ignored when delivered in a report-only policy. @ https://trello.com/:0
[    2973ms] [INFO] Loading the image 'https://www.trello.com/favicon.ico' violates the following Content Security Policy directive: "img-src 'self' blob: data: atlassian.com *.atlassian.com *.cookielaw.org *.gravatar.com *.wp.com fd-assets.prod.atl-paas.net pixel.pointmediatracker.com *.frontend.public.atl-paas.net *.prod.public.atl-paas.net cnv.event.prod.bidr.io *.doubleclick.net *.clicktale.net *.bing.com rlcdn.com reddit.com quora.com *.rlcdn.com *.reddit.com *.quora.com *.ctfassets.net  *.linkedin.com *.google.com *.google.com.au *.company-target.com *.facebook.com *.google-analytics.com *.twitter.com t.co *.intercomcdn.com *.intercomassets.com *.orangelogic.com *.googletagmanager.com img.logo.dev *.atlassian.net". The policy is report-only, so the violation has been logged but no further action has been taken. @ https://trello.com/:4740
[    3087ms] [INFO] Loading the font 'https://dam-cdn.atl.orangelogic.com/CDNLink/AT12FH4' violates the following Content Security Policy directive: "font-src 'self' *.ctfassets.net *.intercomcdn.com *.gstatic.com *.atl-paas.net". The policy is report-only, so the violation has been logged but no further action has been taken. @ https://trello.com/:5607
[    3087ms] [INFO] Loading the font 'https://dam-cdn.atl.orangelogic.com/CDNLink/AT14WAN' violates the following Content Security Policy directive: "font-src 'self' *.ctfassets.net *.intercomcdn.com *.gstatic.com *.atl-paas.net". The policy is report-only, so the violation has been logged but no further action has been taken. @ https://trello.com/:5607
[    3087ms] [INFO] Loading the font 'https://dam-cdn.atl.orangelogic.com/CDNLink/AT12FH8' violates the following Content Security Policy directive: "font-src 'self' *.ctfassets.net *.intercomcdn.com *.gstatic.com *.atl-paas.net". The policy is report-only, so the violation has been logged but no further action has been taken. @ https://trello.com/:5607
[    3087ms] [INFO] Loading the font 'https://dam-cdn.atl.orangelogic.com/CDNLink/AT14WCO' violates the following Content Security Policy directive: "font-src 'self' *.ctfassets.net *.intercomcdn.com *.gstatic.com *.atl-paas.net". The policy is report-only, so the violation has been logged but no further action has been taken. @ https://trello.com/:5607
[    3087ms] [INFO] Loading the font 'https://dam-cdn.atl.orangelogic.com/CDNLink/AT12FAU' violates the following Content Security Policy directive: "font-src 'self' *.ctfassets.net *.intercomcdn.com *.gstatic.com *.atl-paas.net". The policy is report-only, so the violation has been logged but no further action has been taken. @ https://trello.com/:5607
[    3087ms] [INFO] Loading the font 'https://dam-cdn.atl.orangelogic.com/CDNLink/AT14W49' violates the following Content Security Policy directive: "font-src 'self' *.ctfassets.net *.intercomcdn.com *.gstatic.com *.atl-paas.net". The policy is report-only, so the violation has been logged but no further action has been taken. @ https://trello.com/:5607
[    3087ms] [INFO] Loading the font 'https://dam-cdn.atl.orangelogic.com/CDNLink/AT12FAY' violates the following Content Security Policy directive: "font-src 'self' *.ctfassets.net *.intercomcdn.com *.gstatic.com *.atl-paas.net". The policy is report-only, so the violation has been logged but no further action has been taken. @ https://trello.com/:5607
[    3087ms] [INFO] Loading the font 'https://dam-cdn.atl.orangelogic.com/CDNLink/AT14W48' violates the following Content Security Policy directive: "font-src 'self' *.ctfassets.net *.intercomcdn.com *.gstatic.com *.atl-paas.net". The policy is report-only, so the violation has been logged but no further action has been taken. @ https://trello.com/:5607
[    3087ms] [INFO] Loading the font 'https://dam-cdn.atl.orangelogic.com/CDNLink/AT12FC6' violates the following Content Security Policy directive: "font-src 'self' *.ctfassets.net *.intercomcdn.com *.gstatic.com *.atl-paas.net". The policy is report-only, so the violation has been logged but no further action has been taken. @ https://trello.com/:5607
[    3087ms] [INFO] Loading the font 'https://dam-cdn.atl.orangelogic.com/CDNLink/AT14WAO' violates the following Content Security Policy directive: "font-src 'self' *.ctfassets.net *.intercomcdn.com *.gstatic.com *.atl-paas.net". The policy is report-only, so the violation has been logged but no further action has been taken. @ https://trello.com/:5607
[    3087ms] [INFO] Loading the font 'https://dam-cdn.atl.orangelogic.com/CDNLink/AT12FGV' violates the following Content Security Policy directive: "font-src 'self' *.ctfassets.net *.intercomcdn.com *.gstatic.com *.atl-paas.net". The policy is report-only, so the violation has been logged but no further action has been taken. @ https://trello.com/:5607
[    3087ms] [INFO] Loading the font 'https://dam-cdn.atl.orangelogic.com/CDNLink/AT14W96' violates the following Content Security Policy directive: "font-src 'self' *.ctfassets.net *.intercomcdn.com *.gstatic.com *.atl-paas.net". The policy is report-only, so the violation has been logged but no further action has been taken. @ https://trello.com/:5607
[    3087ms] [INFO] Loading the font 'https://dam-cdn.atl.orangelogic.com/CDNLink/AT12FE8' violates the following Content Security Policy directive: "font-src 'self' *.ctfassets.net *.intercomcdn.com *.gstatic.com *.atl-paas.net". The policy is report-only, so the violation has been logged but no further action has been taken. @ https://trello.com/:5607
[    3087ms] [INFO] Loading the font 'https://dam-cdn.atl.orangelogic.com/CDNLink/AT14W45' violates the following Content Security Policy directive: "font-src 'self' *.ctfassets.net *.intercomcdn.com *.gstatic.com *.atl-paas.net". The policy is report-only, so the violation has been logged but no further action has been taken. @ https://trello.com/:5607
[    3087ms] [INFO] Loading the font 'https://dam-cdn.atl.orangelogic.com/CDNLink/AT12FAW' violates the following Content Security Policy directive: "font-src 'self' *.ctfassets.net *.intercomcdn.com *.gstatic.com *.atl-paas.net". The policy is report-only, so the violation has been logged but no further action has been taken. @ https://trello.com/:5607
[    3088ms] [INFO] Loading the font 'https://dam-cdn.atl.orangelogic.com/CDNLink/AT14W47' violates the following Content Security Policy directive: "font-src 'self' *.ctfassets.net *.intercomcdn.com *.gstatic.com *.atl-paas.net". The policy is report-only, so the violation has been logged but no further action has been taken. @ https://trello.com/:5607
[    3088ms] [INFO] Loading the font 'https://dam-cdn.atl.orangelogic.com/CDNLink/AT12FH6' violates the following Content Security Policy directive: "font-src 'self' *.ctfassets.net *.intercomcdn.com *.gstatic.com *.atl-paas.net". The policy is report-only, so the violation has been logged but no further action has been taken. @ https://trello.com/:5607
[    3088ms] [INFO] Loading the font 'https://dam-cdn.atl.orangelogic.com/CDNLink/AT14W46' violates the following Content Security Policy directive: "font-src 'self' *.ctfassets.net *.intercomcdn.com *.gstatic.com *.atl-paas.net". The policy is report-only, so the violation has been logged but no further action has been taken. @ https://trello.com/:5607
[    3088ms] [INFO] Loading the font 'https://dam-cdn.atl.orangelogic.com/CDNLink/AT12FC9' violates the following Content Security Policy directive: "font-src 'self' *.ctfassets.net *.intercomcdn.com *.gstatic.com *.atl-paas.net". The policy is report-only, so the violation has been logged but no further action has been taken. @ https://trello.com/:5607
[    3088ms] [INFO] Loading the font 'https://dam-cdn.atl.orangelogic.com/CDNLink/AT14W95' violates the following Content Security Policy directive: "font-src 'self' *.ctfassets.net *.intercomcdn.com *.gstatic.com *.atl-paas.net". The policy is report-only, so the violation has been logged but no further action has been taken. @ https://trello.com/:5607
[    3088ms] [INFO] Loading the font 'https://dam-cdn.atl.orangelogic.com/CDNLink/AT12FEP' violates the following Content Security Policy directive: "font-src 'self' *.ctfassets.net *.intercomcdn.com *.gstatic.com *.atl-paas.net". The policy is report-only, so the violation has been logged but no further action has been taken. @ https://trello.com/:5607
[    3088ms] [INFO] Loading the font 'https://dam-cdn.atl.orangelogic.com/CDNLink/AT14W42' violates the following Content Security Policy directive: "font-src 'self' *.ctfassets.net *.intercomcdn.com *.gstatic.com *.atl-paas.net". The policy is report-only, so the violation has been logged but no further action has been taken. @ https://trello.com/:5607
[    3088ms] [INFO] Loading the font 'https://dam-cdn.atl.orangelogic.com/CDNLink/AT12FCE' violates the following Content Security Policy directive: "font-src 'self' *.ctfassets.net *.intercomcdn.com *.gstatic.com *.atl-paas.net". The policy is report-only, so the violation has been logged but no further action has been taken. @ https://trello.com/:5607
[    3088ms] [INFO] Loading the font 'https://dam-cdn.atl.orangelogic.com/CDNLink/AT14W93' violates the following Content Security Policy directive: "font-src 'self' *.ctfassets.net *.intercomcdn.com *.gstatic.com *.atl-paas.net". The policy is report-only, so the violation has been logged but no further action has been taken. @ https://trello.com/:5607
[    3088ms] [INFO] Loading the font 'https://dam-cdn.atl.orangelogic.com/CDNLink/AT12FED' violates the following Content Security Policy directive: "font-src 'self' *.ctfassets.net *.intercomcdn.com *.gstatic.com *.atl-paas.net". The policy is report-only, so the violation has been logged but no further action has been taken. @ https://trello.com/:5607
[    3088ms] [INFO] Loading the font 'https://dam-cdn.atl.orangelogic.com/CDNLink/AT14W94' violates the following Content Security Policy directive: "font-src 'self' *.ctfassets.net *.intercomcdn.com *.gstatic.com *.atl-paas.net". The policy is report-only, so the violation has been logged but no further action has been taken. @ https://trello.com/:5607
[    3088ms] [INFO] Loading the font 'https://dam-cdn.atl.orangelogic.com/CDNLink/AT12FI9' violates the following Content Security Policy directive: "font-src 'self' *.ctfassets.net *.intercomcdn.com *.gstatic.com *.atl-paas.net". The policy is report-only, so the violation has been logged but no further action has been taken. @ https://trello.com/:5607
[    3088ms] [INFO] Loading the font 'https://dam-cdn.atl.orangelogic.com/CDNLink/AT14W92' violates the following Content Security Policy directive: "font-src 'self' *.ctfassets.net *.intercomcdn.com *.gstatic.com *.atl-paas.net". The policy is report-only, so the violation has been logged but no further action has been taken. @ https://trello.com/:5607
[    3088ms] [INFO] Loading the font 'https://dam-cdn.atl.orangelogic.com/CDNLink/AT12FHV' violates the following Content Security Policy directive: "font-src 'self' *.ctfassets.net *.intercomcdn.com *.gstatic.com *.atl-paas.net". The policy is report-only, so the violation has been logged but no further action has been taken. @ https://trello.com/:5607
[    3088ms] [INFO] Loading the font 'https://dam-cdn.atl.orangelogic.com/CDNLink/AT13O40' violates the following Content Security Policy directive: "font-src 'self' *.ctfassets.net *.intercomcdn.com *.gstatic.com *.atl-paas.net". The policy is report-only, so the violation has been logged but no further action has been taken. @ https://trello.com/:5607
[    3088ms] [INFO] Loading the font 'https://dam-cdn.atl.orangelogic.com/CDNLink/AT12FIC' violates the following Content Security Policy directive: "font-src 'self' *.ctfassets.net *.intercomcdn.com *.gstatic.com *.atl-paas.net". The policy is report-only, so the violation has been logged but no further action has been taken. @ https://trello.com/:5607
[    3088ms] [INFO] Loading the font 'https://dam-cdn.atl.orangelogic.com/CDNLink/AT13NYX' violates the following Content Security Policy directive: "font-src 'self' *.ctfassets.net *.intercomcdn.com *.gstatic.com *.atl-paas.net". The policy is report-only, so the violation has been logged but no further action has been taken. @ https://trello.com/:5607
[    3088ms] [INFO] Loading the font 'https://dam-cdn.atl.orangelogic.com/CDNLink/AT12FDQ' violates the following Content Security Policy directive: "font-src 'self' *.ctfassets.net *.intercomcdn.com *.gstatic.com *.atl-paas.net". The policy is report-only, so the violation has been logged but no further action has been taken. @ https://trello.com/:5607
[    3088ms] [INFO] Loading the font 'https://dam-cdn.atl.orangelogic.com/CDNLink/AT13O59' violates the following Content Security Policy directive: "font-src 'self' *.ctfassets.net *.intercomcdn.com *.gstatic.com *.atl-paas.net". The policy is report-only, so the violation has been logged but no further action has been taken. @ https://trello.com/:5607
[    3088ms] [INFO] Loading the font 'https://dam-cdn.atl.orangelogic.com/CDNLink/AT12FDL' violates the following Content Security Policy directive: "font-src 'self' *.ctfassets.net *.intercomcdn.com *.gstatic.com *.atl-paas.net". The policy is report-only, so the violation has been logged but no further action has been taken. @ https://trello.com/:5607
[    3088ms] [INFO] Loading the font 'https://dam-cdn.atl.orangelogic.com/CDNLink/AT13O4A' violates the following Content Security Policy directive: "font-src 'self' *.ctfassets.net *.intercomcdn.com *.gstatic.com *.atl-paas.net". The policy is report-only, so the violation has been logged but no further action has been taken. @ https://trello.com/:5607
[    3089ms] [INFO] Loading the font 'https://dam-cdn.atl.orangelogic.com/CDNLink/AT12FKT' violates the following Content Security Policy directive: "font-src 'self' *.ctfassets.net *.intercomcdn.com *.gstatic.com *.atl-paas.net". The policy is report-only, so the violation has been logged but no further action has been taken. @ https://trello.com/:5607
[    3089ms] [INFO] Loading the font 'https://dam-cdn.atl.orangelogic.com/CDNLink/AT143CV' violates the following Content Security Policy directive: "font-src 'self' *.ctfassets.net *.intercomcdn.com *.gstatic.com *.atl-paas.net". The policy is report-only, so the violation has been logged but no further action has been taken. @ https://trello.com/:5607
[    3089ms] [INFO] Loading the font 'https://dam-cdn.atl.orangelogic.com/CDNLink/AT12FER' violates the following Content Security Policy directive: "font-src 'self' *.ctfassets.net *.intercomcdn.com *.gstatic.com *.atl-paas.net". The policy is report-only, so the violation has been logged but no further action has been taken. @ https://trello.com/:5607
[    3089ms] [INFO] Loading the font 'https://dam-cdn.atl.orangelogic.com/CDNLink/AT143AK' violates the following Content Security Policy directive: "font-src 'self' *.ctfassets.net *.intercomcdn.com *.gstatic.com *.atl-paas.net". The policy is report-only, so the violation has been logged but no further action has been taken. @ https://trello.com/:5607
[    3089ms] [INFO] Loading the font 'https://dam-cdn.atl.orangelogic.com/CDNLink/AT12FKV' violates the following Content Security Policy directive: "font-src 'self' *.ctfassets.net *.intercomcdn.com *.gstatic.com *.atl-paas.net". The policy is report-only, so the violation has been logged but no further action has been taken. @ https://trello.com/:5607
[    3089ms] [INFO] Loading the font 'https://dam-cdn.atl.orangelogic.com/CDNLink/AT143DM' violates the following Content Security Policy directive: "font-src 'self' *.ctfassets.net *.intercomcdn.com *.gstatic.com *.atl-paas.net". The policy is report-only, so the violation has been logged but no further action has been taken. @ https://trello.com/:5607
[    3089ms] [INFO] Loading the font 'https://dam-cdn.atl.orangelogic.com/CDNLink/AT12FF8' violates the following Content Security Policy directive: "font-src 'self' *.ctfassets.net *.intercomcdn.com *.gstatic.com *.atl-paas.net". The policy is report-only, so the violation has been logged but no further action has been taken. @ https://trello.com/:5607
[    3089ms] [INFO] Loading the font 'https://dam-cdn.atl.orangelogic.com/CDNLink/AT143D8' violates the following Content Security Policy directive: "font-src 'self' *.ctfassets.net *.intercomcdn.com *.gstatic.com *.atl-paas.net". The policy is report-only, so the violation has been logged but no further action has been taken. @ https://trello.com/:5607
[    3089ms] [INFO] Loading the font 'https://dam-cdn.atl.orangelogic.com/CDNLink/AT12FIA' violates the following Content Security Policy directive: "font-src 'self' *.ctfassets.net *.intercomcdn.com *.gstatic.com *.atl-paas.net". The policy is report-only, so the violation has been logged but no further action has been taken. @ https://trello.com/:5607
[    3089ms] [INFO] Loading the font 'https://dam-cdn.atl.orangelogic.com/CDNLink/AT143AA' violates the following Content Security Policy directive: "font-src 'self' *.ctfassets.net *.intercomcdn.com *.gstatic.com *.atl-paas.net". The policy is report-only, so the violation has been logged but no further action has been taken. @ https://trello.com/:5607
[    3089ms] [INFO] Loading the font 'https://dam-cdn.atl.orangelogic.com/CDNLink/AT12FEL' violates the following Content Security Policy directive: "font-src 'self' *.ctfassets.net *.intercomcdn.com *.gstatic.com *.atl-paas.net". The policy is report-only, so the violation has been logged but no further action has been taken. @ https://trello.com/:5607
[    3089ms] [INFO] Loading the font 'https://dam-cdn.atl.orangelogic.com/CDNLink/AT143A2' violates the following Content Security Policy directive: "font-src 'self' *.ctfassets.net *.intercomcdn.com *.gstatic.com *.atl-paas.net". The policy is report-only, so the violation has been logged but no further action has been taken. @ https://trello.com/:5607
[    3089ms] [INFO] Loading the font 'https://dam-cdn.atl.orangelogic.com/CDNLink/AT12FB1' violates the following Content Security Policy directive: "font-src 'self' *.ctfassets.net *.intercomcdn.com *.gstatic.com *.atl-paas.net". The policy is report-only, so the violation has been logged but no further action has been taken. @ https://trello.com/:5607
[    3089ms] [INFO] Loading the font 'https://dam-cdn.atl.orangelogic.com/CDNLink/AT13NZM' violates the following Content Security Policy directive: "font-src 'self' *.ctfassets.net *.intercomcdn.com *.gstatic.com *.atl-paas.net". The policy is report-only, so the violation has been logged but no further action has been taken. @ https://trello.com/:5607
[    3089ms] [INFO] Loading the font 'https://dam-cdn.atl.orangelogic.com/CDNLink/AT12EZ0' violates the following Content Security Policy directive: "font-src 'self' *.ctfassets.net *.intercomcdn.com *.gstatic.com *.atl-paas.net". The policy is report-only, so the violation has been logged but no further action has been taken. @ https://trello.com/:5607
[    3089ms] [INFO] Loading the font 'https://dam-cdn.atl.orangelogic.com/CDNLink/AT13O5K' violates the following Content Security Policy directive: "font-src 'self' *.ctfassets.net *.intercomcdn.com *.gstatic.com *.atl-paas.net". The policy is report-only, so the violation has been logged but no further action has been taken. @ https://trello.com/:5607
[    3202ms] [WARNING] Multiple versions of FeatureGateClients found on the current page.
      The currently bound version is 4.26.5 when module version 0.0.0-development was loading. @ https://trello-bifrost.prod-east.frontend.public.atl-paas.net/assets/trello-test-page.33a7bd59.js:0
[    3214ms] [WARNING] Multiple versions of FeatureGateClients found on the current page.
      The currently bound version is 4.26.5 when module version 0.0.0-development was loading. @ https://trello-bifrost.prod-east.frontend.public.atl-paas.net/assets/trello-test-page.33a7bd59.js:0
[    3246ms] [ERROR] The source list for the Content Security Policy directive 'connect-src' contains an invalid source: '/gateway/api/ais/available-products'. It will be ignored. @ https://trello-bifrost.prod-east.frontend.public.atl-paas.net/assets/trello-test-page.33a7bd59.js:4689
[    3246ms] [ERROR] The source list for the Content Security Policy directive 'connect-src' contains an invalid source: '/gateway/api/cookie-integrator/api/onetrust/jwt'. It will be ignored. @ https://trello-bifrost.prod-east.frontend.public.atl-paas.net/assets/trello-test-page.33a7bd59.js:4689
[    3246ms] [ERROR] The Content Security Policy directive 'sandbox' is ignored when delivered in a report-only policy. @ https://trello-bifrost.prod-east.frontend.public.atl-paas.net/assets/trello-test-page.33a7bd59.js:4689
[    3250ms] [WARNING] {msg: An error has occurred checking the feature gate. Only the first occurrence of this error is logged., gateName: platform_ufo_enable_otel_context_manager, error: Error: Client must be initialized before using this method
    at e.value (https://trello-bifrost.p…} @ https://trello-bifrost.prod-east.frontend.public.atl-paas.net/assets/trello-test-page.33a7bd59.js:1114
[    3305ms] [ERROR] Framing 'https://xxid.atlassian.com/' violates the following report-only Content Security Policy directive: "frame-src 'self' *.youtube.com *.google.com *.doubleclick.net *.recaptcha.net www.recaptcha.net *.googlerecaptcha.cn *.atl-paas.net *.company-target.com *.googletagmanager.com *.atlassian.net". The violation has been logged, but no further action has been taken.
 @ https://trello-bifrost.prod-east.frontend.public.atl-paas.net/:0
[    3398ms] [INFO] Executing inline script violates the following Content Security Policy directive 'script-src 'self' 'nonce-54ebbfa300f94507bc9cfaa0c4c91cdd''. Either the 'unsafe-inline' keyword, a hash ('sha256-uPTfY5ArWcsZbkQZ2f/AN74avCCKQ/KBAv1z11PqAJE='), or a nonce ('nonce-...') is required to enable inline execution. The policy is report-only, so the violation has been logged but no further action has been taken. @ https://xxid.atlassian.com/?t=1788763031501:0
[    3398ms] [ERROR] Framing 'https://xxid.atlassian.com/' violates the following report-only Content Security Policy directive: "frame-src 'self' *.youtube.com *.google.com *.doubleclick.net *.recaptcha.net www.recaptcha.net *.googlerecaptcha.cn *.atl-paas.net *.company-target.com *.googletagmanager.com *.atlassian.net". The violation has been logged, but no further action has been taken.
 @ https://trello-bifrost.prod-east.frontend.public.atl-paas.net/:0
[    3398ms] [ERROR] Framing 'https://xxid.atlassian.com/' violates the following report-only Content Security Policy directive: "frame-ancestors 'none'". The violation has been logged, but no further action has been taken.
 @ :0
[    3438ms] [WARNING] AbortError: The play() request was interrupted because the media was removed from the document. https://goo.gl/LdLk22 @ https://trello-bifrost.prod-east.frontend.public.atl-paas.net/assets/trello-test-page.33a7bd59.js:1119
[    3471ms] [WARNING] Deprecated API for given entry type. @ https://trello-bifrost.prod-east.frontend.public.atl-paas.net/assets/create-payload.be3ae0c6.js:0
[    3476ms] [ERROR] Access to fetch at 'https://www.atlassian.com/gateway/api/ais/available-products' from origin 'https://trello.com' has been blocked by CORS policy: Response to preflight request doesn't pass access control check: No 'Access-Control-Allow-Origin' header is present on the requested resource. @ https://trello.com/:0
[    3477ms] [ERROR] Failed to load resource: net::ERR_FAILED @ https://www.atlassian.com/gateway/api/ais/available-products:0
[    3481ms] [ERROR] Access to fetch at 'https://www.atlassian.com/gateway/api/ais/available-products' from origin 'https://trello.com' has been blocked by CORS policy: Response to preflight request doesn't pass access control check: No 'Access-Control-Allow-Origin' header is present on the requested resource. @ https://trello.com/:0
[    3481ms] [ERROR] Failed to load resource: net::ERR_FAILED @ https://www.atlassian.com/gateway/api/ais/available-products:0
[    3524ms] [ERROR] Failed to load resource: the server responded with a status of 400 () @ https://trello.com/1/members/me?organizations=all&organization_fields=name,displayName,memberships,url,products&credits=freeTrial:0
[    3584ms] [ERROR] Unable to retrieve the configuration value for marketplace-store-onetrust-settings @ https://atl-onetrust-wrapper.atlassian.com/assets/atl-onetrust-wrapper.min.js:0
[    3626ms] [ERROR] Failed to load resource: the server responded with a status of 401 () @ https://trello.com/gateway/api/cookie-integrator/api/onetrust/jwt:0
[    3680ms] [ERROR] The source list for the Content Security Policy directive 'connect-src' contains an invalid source: '/gateway/api/ais/available-products'. It will be ignored. @ https://www.gstatic.com/recaptcha/releases/8x-4t2pegToiW8KmThtO4AQt/recaptcha__no.js:76
[    3680ms] [ERROR] The source list for the Content Security Policy directive 'connect-src' contains an invalid source: '/gateway/api/cookie-integrator/api/onetrust/jwt'. It will be ignored. @ https://www.gstatic.com/recaptcha/releases/8x-4t2pegToiW8KmThtO4AQt/recaptcha__no.js:76
[    3680ms] [ERROR] The Content Security Policy directive 'sandbox' is ignored when delivered in a report-only policy. @ https://www.gstatic.com/recaptcha/releases/8x-4t2pegToiW8KmThtO4AQt/recaptcha__no.js:76
[    3683ms] [ERROR] The source list for the Content Security Policy directive 'connect-src' contains an invalid source: '/gateway/api/ais/available-products'. It will be ignored. @ https://www.gstatic.com/recaptcha/releases/8x-4t2pegToiW8KmThtO4AQt/recaptcha__no.js:76
[    3683ms] [ERROR] The source list for the Content Security Policy directive 'connect-src' contains an invalid source: '/gateway/api/cookie-integrator/api/onetrust/jwt'. It will be ignored. @ https://www.gstatic.com/recaptcha/releases/8x-4t2pegToiW8KmThtO4AQt/recaptcha__no.js:76
[    3683ms] [ERROR] The Content Security Policy directive 'sandbox' is ignored when delivered in a report-only policy. @ https://www.gstatic.com/recaptcha/releases/8x-4t2pegToiW8KmThtO4AQt/recaptcha__no.js:76
[    3685ms] [ERROR] Failed to load resource: the server responded with a status of 400 () @ https://trello.com/1/members/me?organizations=all&organization_fields=name,displayName,memberships,url,products&credits=freeTrial:0
[    3710ms] [LOG] WebConfigClient initialized successfully. @ https://atl-global.atlassian.com/js/atl-global.min.js:78
[    3730ms] [LOG] FeatureGateClient initialized successfully. @ https://atl-global.atlassian.com/js/atl-global.min.js:78
[    4003ms] [ERROR] The source list for the Content Security Policy directive 'connect-src' contains an invalid source: '/gateway/api/ais/available-products'. It will be ignored. @ https://cdn.cookielaw.org/scripttemplates/202605.1.0/otBannerSdk.js:6
[    4003ms] [ERROR] The source list for the Content Security Policy directive 'connect-src' contains an invalid source: '/gateway/api/cookie-integrator/api/onetrust/jwt'. It will be ignored. @ https://cdn.cookielaw.org/scripttemplates/202605.1.0/otBannerSdk.js:6
[    4003ms] [ERROR] The Content Security Policy directive 'sandbox' is ignored when delivered in a report-only policy. @ https://cdn.cookielaw.org/scripttemplates/202605.1.0/otBannerSdk.js:6
[    4003ms] [ERROR] The source list for the Content Security Policy directive 'connect-src' contains an invalid source: '/gateway/api/ais/available-products'. It will be ignored. @ https://cdn.cookielaw.org/scripttemplates/202605.1.0/otBannerSdk.js:6
[    4003ms] [ERROR] The source list for the Content Security Policy directive 'connect-src' contains an invalid source: '/gateway/api/cookie-integrator/api/onetrust/jwt'. It will be ignored. @ https://cdn.cookielaw.org/scripttemplates/202605.1.0/otBannerSdk.js:6
[    4003ms] [ERROR] The Content Security Policy directive 'sandbox' is ignored when delivered in a report-only policy. @ https://cdn.cookielaw.org/scripttemplates/202605.1.0/otBannerSdk.js:6
[    4005ms] [ERROR] The source list for the Content Security Policy directive 'connect-src' contains an invalid source: '/gateway/api/ais/available-products'. It will be ignored. @ https://cdn.cookielaw.org/scripttemplates/202605.1.0/otBannerSdk.js:6
[    4005ms] [ERROR] The source list for the Content Security Policy directive 'connect-src' contains an invalid source: '/gateway/api/cookie-integrator/api/onetrust/jwt'. It will be ignored. @ https://cdn.cookielaw.org/scripttemplates/202605.1.0/otBannerSdk.js:6
[    4005ms] [ERROR] The Content Security Policy directive 'sandbox' is ignored when delivered in a report-only policy. @ https://cdn.cookielaw.org/scripttemplates/202605.1.0/otBannerSdk.js:6
[    4005ms] [ERROR] The source list for the Content Security Policy directive 'connect-src' contains an invalid source: '/gateway/api/ais/available-products'. It will be ignored. @ https://cdn.cookielaw.org/scripttemplates/202605.1.0/otBannerSdk.js:6
[    4005ms] [ERROR] The source list for the Content Security Policy directive 'connect-src' contains an invalid source: '/gateway/api/cookie-integrator/api/onetrust/jwt'. It will be ignored. @ https://cdn.cookielaw.org/scripttemplates/202605.1.0/otBannerSdk.js:6
[    4005ms] [ERROR] The Content Security Policy directive 'sandbox' is ignored when delivered in a report-only policy. @ https://cdn.cookielaw.org/scripttemplates/202605.1.0/otBannerSdk.js:6
[    4038ms] [ERROR] The source list for the Content Security Policy directive 'connect-src' contains an invalid source: '/gateway/api/ais/available-products'. It will be ignored. @ https://www.gstatic.com/recaptcha/releases/8x-4t2pegToiW8KmThtO4AQt/recaptcha__no.js:666
[    4038ms] [ERROR] The source list for the Content Security Policy directive 'connect-src' contains an invalid source: '/gateway/api/cookie-integrator/api/onetrust/jwt'. It will be ignored. @ https://www.gstatic.com/recaptcha/releases/8x-4t2pegToiW8KmThtO4AQt/recaptcha__no.js:666
[    4038ms] [ERROR] The Content Security Policy directive 'sandbox' is ignored when delivered in a report-only policy. @ https://www.gstatic.com/recaptcha/releases/8x-4t2pegToiW8KmThtO4AQt/recaptcha__no.js:666
[    4038ms] [ERROR] The source list for the Content Security Policy directive 'connect-src' contains an invalid source: '/gateway/api/ais/available-products'. It will be ignored. @ https://www.gstatic.com/recaptcha/releases/8x-4t2pegToiW8KmThtO4AQt/recaptcha__no.js:666
[    4038ms] [ERROR] The source list for the Content Security Policy directive 'connect-src' contains an invalid source: '/gateway/api/cookie-integrator/api/onetrust/jwt'. It will be ignored. @ https://www.gstatic.com/recaptcha/releases/8x-4t2pegToiW8KmThtO4AQt/recaptcha__no.js:666
[    4038ms] [ERROR] The Content Security Policy directive 'sandbox' is ignored when delivered in a report-only policy. @ https://www.gstatic.com/recaptcha/releases/8x-4t2pegToiW8KmThtO4AQt/recaptcha__no.js:666
[    4191ms] [INFO] Loading the image 'https://www.trello.com/favicon.ico' violates the following Content Security Policy directive: "img-src 'self' blob: data: atlassian.com *.atlassian.com *.cookielaw.org *.gravatar.com *.wp.com fd-assets.prod.atl-paas.net pixel.pointmediatracker.com *.frontend.public.atl-paas.net *.prod.public.atl-paas.net cnv.event.prod.bidr.io *.doubleclick.net *.clicktale.net *.bing.com rlcdn.com reddit.com quora.com *.rlcdn.com *.reddit.com *.quora.com *.ctfassets.net  *.linkedin.com *.google.com *.google.com.au *.company-target.com *.facebook.com *.google-analytics.com *.twitter.com t.co *.intercomcdn.com *.intercomassets.com *.orangelogic.com *.googletagmanager.com img.logo.dev *.atlassian.net". The policy is report-only, so the violation has been logged but no further action has been taken. @ https://trello.com/:0
[    4250ms] [ERROR] The source list for the Content Security Policy directive 'connect-src' contains an invalid source: '/gateway/api/ais/available-products'. It will be ignored. @ https://www.gstatic.com/recaptcha/releases/8x-4t2pegToiW8KmThtO4AQt/recaptcha__no.js:353
[    4250ms] [ERROR] The source list for the Content Security Policy directive 'connect-src' contains an invalid source: '/gateway/api/cookie-integrator/api/onetrust/jwt'. It will be ignored. @ https://www.gstatic.com/recaptcha/releases/8x-4t2pegToiW8KmThtO4AQt/recaptcha__no.js:353
[    4250ms] [ERROR] The Content Security Policy directive 'sandbox' is ignored when delivered in a report-only policy. @ https://www.gstatic.com/recaptcha/releases/8x-4t2pegToiW8KmThtO4AQt/recaptcha__no.js:353
[    4250ms] [ERROR] The source list for the Content Security Policy directive 'connect-src' contains an invalid source: '/gateway/api/ais/available-products'. It will be ignored. @ https://www.gstatic.com/recaptcha/releases/8x-4t2pegToiW8KmThtO4AQt/recaptcha__no.js:353
[    4250ms] [ERROR] The source list for the Content Security Policy directive 'connect-src' contains an invalid source: '/gateway/api/cookie-integrator/api/onetrust/jwt'. It will be ignored. @ https://www.gstatic.com/recaptcha/releases/8x-4t2pegToiW8KmThtO4AQt/recaptcha__no.js:353
[    4250ms] [ERROR] The Content Security Policy directive 'sandbox' is ignored when delivered in a report-only policy. @ https://www.gstatic.com/recaptcha/releases/8x-4t2pegToiW8KmThtO4AQt/recaptcha__no.js:353
[    4278ms] [ERROR] The source list for the Content Security Policy directive 'connect-src' contains an invalid source: '/gateway/api/ais/available-products'. It will be ignored. @ https://www.gstatic.com/recaptcha/releases/8x-4t2pegToiW8KmThtO4AQt/recaptcha__no.js:353
[    4278ms] [ERROR] The source list for the Content Security Policy directive 'connect-src' contains an invalid source: '/gateway/api/cookie-integrator/api/onetrust/jwt'. It will be ignored. @ https://www.gstatic.com/recaptcha/releases/8x-4t2pegToiW8KmThtO4AQt/recaptcha__no.js:353
[    4278ms] [ERROR] The Content Security Policy directive 'sandbox' is ignored when delivered in a report-only policy. @ https://www.gstatic.com/recaptcha/releases/8x-4t2pegToiW8KmThtO4AQt/recaptcha__no.js:353
[    4278ms] [ERROR] The source list for the Content Security Policy directive 'connect-src' contains an invalid source: '/gateway/api/ais/available-products'. It will be ignored. @ https://www.gstatic.com/recaptcha/releases/8x-4t2pegToiW8KmThtO4AQt/recaptcha__no.js:353
[    4278ms] [ERROR] The source list for the Content Security Policy directive 'connect-src' contains an invalid source: '/gateway/api/cookie-integrator/api/onetrust/jwt'. It will be ignored. @ https://www.gstatic.com/recaptcha/releases/8x-4t2pegToiW8KmThtO4AQt/recaptcha__no.js:353
[    4278ms] [ERROR] The Content Security Policy directive 'sandbox' is ignored when delivered in a report-only policy. @ https://www.gstatic.com/recaptcha/releases/8x-4t2pegToiW8KmThtO4AQt/recaptcha__no.js:353
[    4289ms] [WARNING] Multiple versions of FeatureGateClients found on the current page.
      The currently bound version is 4.26.5 when module version 5.31.1 was loading. @ https://atl-global.atlassian.com/js/2.348.0/gasv3/analytics-web-client.with-deps.amd.min.js:0
[    4295ms] [WARNING]   WARN  [Statsig] The user does not have the required id_type "tenantId" for Gate "use_frontend_feature_encoding_sdk_platform" @ https://trello-bifrost.prod-east.frontend.public.atl-paas.net/assets/trello-test-page.33a7bd59.js:0
[    5824ms] [WARNING] Multiple versions of FeatureGateClients found on the current page.
      The currently bound version is 0.0.0-development when module version 6.0.0 was loading. @ https://id-frontend.prod-east.frontend.public.atl-paas.net/assets/index.47062c5f.js:42
[    6075ms] [WARNING] {msg: An error has occurred checking the feature gate. Only the first occurrence of this error is logged., gateName: use_frontend_feature_encoding_sdk_platform, error: Error: Client must be initialized before using this method
    at e.value (https://id-frontend.prod…} @ https://id-frontend.prod-east.frontend.public.atl-paas.net/assets/index.47062c5f.js:39
[    6088ms] [INFO] Creating a worker from 'blob:https://id.atlassian.com/fbc2ee33-bf6a-46c7-b25d-71aa7e3ee1cf' violates the following Content Security Policy directive: "script-src 'self' 'unsafe-inline' *.atl-paas.net https://recaptcha.net https://www.recaptcha.net https://accounts.google.com https://www.gstatic.com https://*.awswaf.com". Note that 'worker-src' was not explicitly set, so 'script-src' is used as a fallback. The policy is report-only, so the violation has been logged but no further action has been taken. @ https://id-frontend.prod-east.frontend.public.atl-paas.net/assets/index.47062c5f.js:46
[    6089ms] [INFO] Creating a worker from 'blob:https://id.atlassian.com/827688a2-b79b-4573-aa59-44413b981536' violates the following Content Security Policy directive: "script-src 'self' 'unsafe-inline' *.atl-paas.net https://recaptcha.net https://www.recaptcha.net https://accounts.google.com https://www.gstatic.com https://*.awswaf.com". Note that 'worker-src' was not explicitly set, so 'script-src' is used as a fallback. The policy is report-only, so the violation has been logged but no further action has been taken. @ https://id-frontend.prod-east.frontend.public.atl-paas.net/assets/index.47062c5f.js:46
[    6748ms] [WARNING]   WARN  [Statsig] The user does not have the required id_type "tenantId" for Gate "platform-dst-shape-theme-default" @ https://id-frontend.prod-east.frontend.public.atl-paas.net/assets/index.47062c5f.js:39
[    6777ms] [WARNING]   WARN  [Statsig] The user does not have the required id_type "atlassianAccountId" for Gate "platform-logo-rebrand" @ https://id-frontend.prod-east.frontend.public.atl-paas.net/assets/index.47062c5f.js:39
[    6926ms] [ERROR] Framing 'https://www.recaptcha.net/' violates the following report-only Content Security Policy directive: "default-src 'self' *.atl-paas.net". The violation has been logged, but no further action has been taken. Note that 'frame-src' was not explicitly set, so 'default-src' is used as a fallback.
 @ https://www.gstatic.com/:0
[    7082ms] [ERROR] Framing 'https://www.recaptcha.net/' violates the following report-only Content Security Policy directive: "default-src 'self' *.atl-paas.net". The violation has been logged, but no further action has been taken. Note that 'frame-src' was not explicitly set, so 'default-src' is used as a fallback.
 @ https://www.gstatic.com/:0
[    7130ms] [INFO] Loading the stylesheet 'https://accounts.google.com/gsi/style' violates the following Content Security Policy directive: "style-src 'self' 'unsafe-inline' *.atl-paas.net". Note that 'style-src-elem' was not explicitly set, so 'style-src' is used as a fallback. The policy is report-only, so the violation has been logged but no further action has been taken. @ https://accounts.google.com/gsi/client:288
[    7132ms] [WARNING] [GSI_LOGGER]: Your client application uses one of the Google One Tap prompt UI status methods that may stop functioning when FedCM becomes mandatory. Refer to the migration guide to update your code accordingly and opt-in to FedCM to test your changes. Learn more: https://developers.google.com/identity/gsi/web/guides/fedcm-migration?s=dc#display_moment and https://developers.google.com/identity/gsi/web/guides/fedcm-migration?s=dc#skipped_moment @ https://id-frontend.prod-east.frontend.public.atl-paas.net/assets/index.47062c5f.js:39
[    7133ms] [ERROR] Not signed in with the identity provider. @ https://id.atlassian.com/login?application=trello--direct-signup&continue=https%3A%2F%2Ftrello.com%2Fauth%2Fatlassian%2Fcallback&anonId=1f5eba82-1e4f-4052-8ae4-8867df672b22:0
[   13251ms] [ERROR] [GSI_LOGGER]: FedCM get() rejects with NetworkError: Error retrieving a token. @ https://id-frontend.prod-east.frontend.public.atl-paas.net/assets/index.47062c5f.js:39
[   18011ms] [VERBOSE] [DOM] Password field is not contained in a form: (More info: https://goo.gl/9p2vKq) %o @ https://accounts.google.com/v3/signin/identifier?opparams=%253F&dsh=S1058707863%3A1788763045990567&client_id=596149463257-9oquqfivs9on8t8erq23c8qso6vk3cp1.apps.googleusercontent.com&code_challenge=ZTip5Yb8KmlcTWOIvkS4t4uhfhtM9k0DUW4Yqo7RjFg&code_challenge_method=S256&o2v=2&prompt=select_account&redirect_uri=https%3A%2F%2Fid.atlassian.com%2Flogin%2Fgoogle&response_type=code&scope=openid+email+profile&service=lso&state=eyJjc3JmVG9rZW4iOiIyNzdhNTliMzRlMGM4ZjM3YWVmY2QyYWE0YTQxZjhiZTZjN2I3ODNhZTdjZjg0MmQyYmZkOTk4Y2E0ZWQwNzM2IiwiYW5vbnltb3VzSWQiOiIyOGQ2ODM2Yy1jNGE4LTQ2MDktYTE2MC03MTNiMDYzODdlOTIiLCJxdWVyeSI6Ij9hbm9uSWQ9MWY1ZWJhODItMWU0Zi00MDUyLThhZTQtODg2N2RmNjcyYjIyJmFwcGxpY2F0aW9uPXRyZWxsby0tZGlyZWN0LXNpZ251cCZjb250aW51ZT1odHRwcyUzQSUyRiUyRnRyZWxsby5jb20lMkZhdXRoJTJGYXRsYXNzaWFuJTJGY2FsbGJhY2smbG9naW5UeXBlPWdvb2dsZUJ1dHRvbiZwcm9tcHQ9c2VsZWN0X2FjY291bnQmc291cmNlPWxvZ2luU2NyZWVuIiwic291cmNlIjoibG9naW5TY3JlZW4iLCJsb2dpblR5cGUiOiJnb29nbGVCdXR0b24ifQ%3D%3D&flowName=GeneralOAuthFlow&continue=https%3A%2F%2Faccounts.google.com%2Fsignin%2Foauth%2Fv3%2Fconsent%3Fauthuser%3Dunknown%26part%3DAJi8hAOiPItFL8l_rfhDOU4_4zmwxCZrdXSX1ZltMhS4Y_-f71DJ7x8vyH8Ak9mkYt0b3CeJ4WFXHoFDiyuDSN47TvrOL99eubuQa-2Ov6QO_-BccXG_MpMsok1uj6zRo-RFOOwNDTYP_K2lPw365E3s1QGMzYz8pwAODEWFfou2TBTCJRbVxcusUPZP2mdKtNYWXmEqOoV5AP0Y7ATCFoycjO2UfwvAMTvL1BVBjCOUh4SOaX5K4-CKrlR5d7Is1ApmDxvJNYe_VBVbJ737F2--74RBhHa95ebY94tCz8ckcmVIIbr4bvLkJW2jX2xFTKVpQA1kq2BMfn3S_LF_tvEp7zluAcByvbB0P4NPZkCINdo2gH9OegdaBn0-pNaHdkhxpjxFUr3Q5zXtilsuzJ8sEOroq8vTDnSBJsM4jMJBmsAXn6vL5Glsn3Xz1JNc37kY3-3u2UxdDS2RJhT3XCse2LE-iu-YBQ%26flowName%3DGeneralOAuthFlow%26as%3DS1058707863%253A1788763045990567%26client_id%3D596149463257-9oquqfivs9on8t8erq23c8qso6vk3cp1.apps.googleusercontent.com%26requestPath%3D%252Fsignin%252Foauth%252Fv3%252Fconsent%23&app_domain=https%3A%2F%2Fid.atlassian.com&rart=ANgoxcfBdD2fZLnY4ZKjkc7rL-RFl1kI8mQPy-XRdRBu9PJsHiOytzCQOtCpVLw7RwBrdxahSaqOIgeNd-EAcJlvLz0TK2wABDxqZg8YslKuKbHNQMR6HzM:0
[   18020ms] [LOG] %c%s color: red; background: yellow; font-size: 24px; ADVARSEL! @ https://www.gstatic.com/_/mss/boq-identity/_/js/k=boq-identity.AccountsSignInUi.no.TJRlTtJaw7c.es5.O/am=IQIAAAAOeCMBQP7_vwEABBBsB3xfC6AJEDIAAAAAAAAAAIAFAABoCCA/d=1/excm=_b,_tp,identifierview/ed=1/dg=0/wt=2/ujg=1/rs=AOaEmlED8ueTb8UaAzqlkze5sPUj2F_fiQ/dti=1/m=_b,_tp:560
[   18020ms] [LOG] %c%s font-size: 18px; Når du bruker denne konsollen, kan det føre til at inntrengere får mulighet til å forfalske identiteten din og stjele informasjon ved hjelp av angrep av typen «Self-XSS».
Ikke skriv eller lim inn kode du ikke har innsikt i. @ https://www.gstatic.com/_/mss/boq-identity/_/js/k=boq-identity.AccountsSignInUi.no.TJRlTtJaw7c.es5.O/am=IQIAAAAOeCMBQP7_vwEABBBsB3xfC6AJEDIAAAAAAAAAAIAFAABoCCA/d=1/excm=_b,_tp,identifierview/ed=1/dg=0/wt=2/ujg=1/rs=AOaEmlED8ueTb8UaAzqlkze5sPUj2F_fiQ/dti=1/m=_b,_tp:560
