[    3902ms] [WARNING] Unrecognized feature: 'attribution-reporting'. @ https://www.google.com/search?q=H%C3%85NDOVERFRES+DEWALT+DCW604N&oq=H%C3%85NDOVERFRES+DEWALT+DCW604N&gs_lcrp=EgZjaHJvbWUyBggAEEUYOTIICAEQABgWGB4yCAgCEAAYFhgeMgcIAxAAGO8FMgoIBBAAGIAEGKIEMgoIBRAAGKIEGIkFMgYIBhBFGDzSAQgxNzEzajBqN6gCALACAA&sourceid=chrome&source=chrome.ob&ie=UTF-8:28
[    3903ms] [WARNING] Unrecognized feature: 'attribution-reporting'. @ https://www.google.com/search?q=H%C3%85NDOVERFRES+DEWALT+DCW604N&oq=H%C3%85NDOVERFRES+DEWALT+DCW604N&gs_lcrp=EgZjaHJvbWUyBggAEEUYOTIICAEQABgWGB4yCAgCEAAYFhgeMgcIAxAAGO8FMgoIBBAAGIAEGKIEMgoIBRAAGKIEGIkFMgYIBhBFGDzSAQgxNzEzajBqN6gCALACAA&sourceid=chrome&source=chrome.ob&ie=UTF-8:28
[    4160ms] [LOG] Event listener added @ https://cdn.raygun.io/raygun4js/raygun.min.js:3
[    4271ms] [LOG]      _                      _       
    / \__   _____ _ __  ___(_) __ _ 
   / _ \ \ / / _ | '_ \/ __| |/ _` |
  / ___ \ V |  __| | | \__ | | (_| |
 /_/   \_\_/ \___|_| |_|___|_|\__,_|

Do you end up here a lot? Perhaps you should come work for us!
We build sites using React, Redux, TypeScript, Webpack, CSS-in-JS, etc.
http://www.avensia.com/careers/ @ https://cdn.raygun.io/raygun4js/raygun.min.js:3
[    4392ms] [LOG] Voyado: cmd config {} @ https://cdn.raygun.io/raygun4js/raygun.min.js:3
[    4393ms] [LOG] Voyado: cmd loadwidgets [highlights, badge, reviews, ratings] @ https://cdn.raygun.io/raygun4js/raygun.min.js:3
[    4466ms] [WARNING] %cKlarna Web SDK: The Klarna library you are utilizing will be deprecated end of 2024. We strongly recommend updating your integration for continued support and enhanced features. For migration details, please visit: https://docs.klarna.com/on-site-messaging/migrate-to-new-klarna-websdk/" color: black; background-color: #FFB3C7; padding: 2px; @ https://cdn.raygun.io/raygun4js/raygun.min.js:3
[    4730ms] [LOG] Voyado: wf [Object] @ https://cdn.raygun.io/raygun4js/raygun.min.js:3
[    4813ms] [LOG] Voyado: cmd loadwidgets [highlights, badge, reviews, ratings] @ https://cdn.raygun.io/raygun4js/raygun.min.js:3
[    4882ms] [LOG] Voyado: cmd loadwidgets [highlights, badge, reviews, ratings] @ https://cdn.raygun.io/raygun4js/raygun.min.js:3
[    5487ms] [WARNING] Redeal: blocked postMessage from untrusted origin: https://ct.pinterest.com rating.js @ https://cdn.raygun.io/raygun4js/raygun.min.js:3
[    5527ms] [LOG] Voyado: Rendered reviews widget for item: 034457 Reviews: 1 @ https://cdn.raygun.io/raygun4js/raygun.min.js:3
[    5599ms] [LOG] Voyado: Rendered reviews widget for item: 034457 Reviews: 1 @ https://cdn.raygun.io/raygun4js/raygun.min.js:3
[    5696ms] [LOG] Voyado: Rendered reviews widget for item: 034457 Reviews: 1 @ https://cdn.raygun.io/raygun4js/raygun.min.js:3
[    6194ms] [WARNING] Redeal: blocked postMessage from untrusted origin: https://www.youtube-nocookie.com rating.js @ https://cdn.raygun.io/raygun4js/raygun.min.js:3
[    6194ms] [WARNING] Redeal: blocked postMessage from untrusted origin: https://www.youtube-nocookie.com rating.js @ https://cdn.raygun.io/raygun4js/raygun.min.js:3
[    6573ms] [WARNING] Redeal: blocked postMessage from untrusted origin: https://www.youtube-nocookie.com rating.js @ https://cdn.raygun.io/raygun4js/raygun.min.js:3
