[   10923ms] [WARNING] A speculation rule set was inserted into the document but will be ignored. This might happen, for example, if it was previously inserted into another document, or if it was created using the innerHTML setter. @ https://www.google.com/search?q=ivlis-staging&oq=ivlis-staging&gs_lcrp=EgZjaHJvbWUyBggAEEUYOTIKCAEQABiABBiiBDIHCAIQABjvBTIHCAMQABjvBTIKCAQQABiABBiiBDIHCAUQABjvBdIBCDY4NDBqMGo3qAIAsAIA&sourceid=chrome&source=chrome.ob&ie=UTF-8:36
[   11062ms] [INFO] Autofocus processing was blocked because a document already has a focused element. @ https://www.google.com/search?q=ivlis-staging&oq=ivlis-staging&gs_lcrp=EgZjaHJvbWUyBggAEEUYOTIKCAEQABiABBiiBDIHCAIQABjvBTIHCAMQABjvBTIKCAQQABiABBiiBDIHCAUQABjvBdIBCDY4NDBqMGo3qAIAsAIA&sourceid=chrome&source=chrome.ob&ie=UTF-8:0
[   20698ms] [VERBOSE] [DOM] Input elements should have autocomplete attributes (suggested: "current-password"): (More info: https://goo.gl/9p2vKq) %o @ https://ivlis-staging.grensesnitt.app/logg-inn:0
[   20846ms] [ERROR] Failed to load resource: the server responded with a status of 401 () @ https://ivlis-staging.grensesnitt.app/api/auth/me:0
[   24231ms] [WARNING] The resource https://ivlis-staging.grensesnitt.app/_next/static/chunks/0x-16jk5pymyp.css was preloaded using link preload but not used within a few seconds from the window's load event. Please make sure it has an appropriate `as` value and it is preloaded intentionally. @ https://ivlis-staging.grensesnitt.app/logg-inn:0
[   42693ms] [WARNING] The resource https://ivlis-staging.grensesnitt.app/_next/static/chunks/0x-16jk5pymyp.css was preloaded using link preload but not used within a few seconds from the window's load event. Please make sure it has an appropriate `as` value and it is preloaded intentionally. @ https://ivlis-staging.grensesnitt.app/:0
[  176178ms] [ERROR] Failed to load resource: the server responded with a status of 401 () @ https://ivlis-staging.grensesnitt.app/api/core/users?user_type=SUPERVISOR&take=1000:0
[  176179ms] [ERROR] Failed to load resource: the server responded with a status of 401 () @ https://ivlis-staging.grensesnitt.app/api/core/users?user_type=ALIS&take=1000&include=supervisors:0
[  176182ms] [ERROR] Failed to load resource: the server responded with a status of 401 () @ https://ivlis-staging.grensesnitt.app/api/core/districts:0
[  176227ms] [VERBOSE] [DOM] Input elements should have autocomplete attributes (suggested: "current-password"): (More info: https://goo.gl/9p2vKq) %o @ https://ivlis-staging.grensesnitt.app/logg-inn:0
[  176311ms] [ERROR] Failed to load resource: the server responded with a status of 401 () @ https://ivlis-staging.grensesnitt.app/api/auth/me:0
[  179553ms] [WARNING] The resource https://ivlis-staging.grensesnitt.app/_next/static/chunks/0x-16jk5pymyp.css was preloaded using link preload but not used within a few seconds from the window's load event. Please make sure it has an appropriate `as` value and it is preloaded intentionally. @ https://ivlis-staging.grensesnitt.app/logg-inn:0
[  188139ms] [ERROR] Failed to load resource: the server responded with a status of 403 () @ https://ivlis-staging.grensesnitt.app/api/core/auth/login:0
[  191146ms] [WARNING] The resource https://ivlis-staging.grensesnitt.app/_next/static/chunks/0x-16jk5pymyp.css was preloaded using link preload but not used within a few seconds from the window's load event. Please make sure it has an appropriate `as` value and it is preloaded intentionally. @ https://ivlis-staging.grensesnitt.app/logg-inn:0
[  194592ms] [ERROR] Failed to load resource: the server responded with a status of 403 () @ https://ivlis-staging.grensesnitt.app/api/core/auth/login:0
[  197594ms] [WARNING] The resource https://ivlis-staging.grensesnitt.app/_next/static/chunks/0x-16jk5pymyp.css was preloaded using link preload but not used within a few seconds from the window's load event. Please make sure it has an appropriate `as` value and it is preloaded intentionally. @ https://ivlis-staging.grensesnitt.app/logg-inn:0
[  226090ms] [WARNING] The resource https://ivlis-staging.grensesnitt.app/_next/static/chunks/0x-16jk5pymyp.css was preloaded using link preload but not used within a few seconds from the window's load event. Please make sure it has an appropriate `as` value and it is preloaded intentionally. @ https://ivlis-staging.grensesnitt.app/veileder/2:0
[  230917ms] [WARNING] The resource https://ivlis-staging.grensesnitt.app/_next/static/chunks/0x-16jk5pymyp.css was preloaded using link preload but not used within a few seconds from the window's load event. Please make sure it has an appropriate `as` value and it is preloaded intentionally. @ https://ivlis-staging.grensesnitt.app/:0
[  336228ms] [ERROR] Failed to load resource: the server responded with a status of 401 () @ https://ivlis-staging.grensesnitt.app/api/core/users?user_type=ALIS&take=1000:0
[  336254ms] [VERBOSE] [DOM] Input elements should have autocomplete attributes (suggested: "current-password"): (More info: https://goo.gl/9p2vKq) %o @ https://ivlis-staging.grensesnitt.app/logg-inn:0
[  336420ms] [ERROR] Failed to load resource: the server responded with a status of 401 () @ https://ivlis-staging.grensesnitt.app/api/auth/me:0
[  339669ms] [WARNING] The resource https://ivlis-staging.grensesnitt.app/_next/static/chunks/0x-16jk5pymyp.css was preloaded using link preload but not used within a few seconds from the window's load event. Please make sure it has an appropriate `as` value and it is preloaded intentionally. @ https://ivlis-staging.grensesnitt.app/logg-inn:0
[  347288ms] [WARNING] The resource https://ivlis-staging.grensesnitt.app/_next/static/chunks/0x-16jk5pymyp.css was preloaded using link preload but not used within a few seconds from the window's load event. Please make sure it has an appropriate `as` value and it is preloaded intentionally. @ https://ivlis-staging.grensesnitt.app/:0
[  360734ms] [WARNING] The resource https://ivlis-staging.grensesnitt.app/_next/static/chunks/0x-16jk5pymyp.css was preloaded using link preload but not used within a few seconds from the window's load event. Please make sure it has an appropriate `as` value and it is preloaded intentionally. @ https://ivlis-staging.grensesnitt.app/:0
[  423470ms] [WARNING] The resource https://ivlis-staging.grensesnitt.app/_next/static/chunks/0x-16jk5pymyp.css was preloaded using link preload but not used within a few seconds from the window's load event. Please make sure it has an appropriate `as` value and it is preloaded intentionally. @ https://ivlis-staging.grensesnitt.app/:0
