[    3478ms] [ERROR] Failed to load resource: the server responded with a status of 404 (Not Found) @ https://app-commsrv.puzzel.com/api/time/49171_49171_time20:0
[    3478ms] [ERROR] Error in getTimeModuleExit for 49171_49171_time20: Error: handleRequest failed
    at https://app-cdn.puzzel.com/public/js/pzl_loader.js:2:64936
    at https://app-cdn.puzzel.com/public/js/pzl_loader.js:2:2026
    at Generator.<anonymous> (https://app-cdn.puzzel.com/public/js/pzl_loader.js:2:5133)
    at Generator.next (https://app-cdn.puzzel.com/public/js/pzl_loader.js:2:628)
    at u (https://app-cdn.puzzel.com/public/js/pzl_loader.js:2:19822)
    at a (https://app-cdn.puzzel.com/public/js/pzl_loader.js:2:20025) @ https://app-cdn.puzzel.com/public/js/pzl_loader.js:1
[    6364ms] [LOG] Geolocation error: GeolocationPositionError @ https://www.bauhaus.no/static/version1788449182/frontend/Vaimo/bauhaus-no/nb_NO/Vaimo_BauhausSe/js/bundles/bauhaus-se-general.js:0
[   18514ms] [LOG] Geolocation error: GeolocationPositionError @ https://www.bauhaus.no/static/version1788449182/frontend/Vaimo/bauhaus-no/nb_NO/Vaimo_BauhausSe/js/bundles/bauhaus-se-general.js:0
[   21477ms] [ERROR] Failed to load resource: the server responded with a status of 404 (Not Found) @ https://app-commsrv.puzzel.com/api/time/49171_49171_time20:0
[   21478ms] [ERROR] Error in getTimeModuleExit for 49171_49171_time20: Error: handleRequest failed
    at https://app-cdn.puzzel.com/public/js/pzl_loader.js:2:64936
    at https://app-cdn.puzzel.com/public/js/pzl_loader.js:2:2026
    at Generator.<anonymous> (https://app-cdn.puzzel.com/public/js/pzl_loader.js:2:5133)
    at Generator.next (https://app-cdn.puzzel.com/public/js/pzl_loader.js:2:628)
    at u (https://app-cdn.puzzel.com/public/js/pzl_loader.js:2:19822)
    at a (https://app-cdn.puzzel.com/public/js/pzl_loader.js:2:20025) @ https://app-cdn.puzzel.com/public/js/pzl_loader.js:1
[   58432ms] [ERROR] Failed to load resource: the server responded with a status of 404 (Not Found) @ https://app-commsrv.puzzel.com/api/time/49171_49171_time20:0
[   58433ms] [ERROR] Error in getTimeModuleExit for 49171_49171_time20: Error: handleRequest failed
    at https://app-cdn.puzzel.com/public/js/pzl_loader.js:2:64936
    at https://app-cdn.puzzel.com/public/js/pzl_loader.js:2:2026
    at Generator.<anonymous> (https://app-cdn.puzzel.com/public/js/pzl_loader.js:2:5133)
    at Generator.next (https://app-cdn.puzzel.com/public/js/pzl_loader.js:2:628)
    at u (https://app-cdn.puzzel.com/public/js/pzl_loader.js:2:19822)
    at a (https://app-cdn.puzzel.com/public/js/pzl_loader.js:2:20025) @ https://app-cdn.puzzel.com/public/js/pzl_loader.js:1
[   63465ms] [ERROR] Failed to load resource: the server responded with a status of 404 (Not Found) @ https://app-commsrv.puzzel.com/api/time/49171_49171_time20:0
[   63465ms] [ERROR] Error in getTimeModuleExit for 49171_49171_time20: Error: handleRequest failed
    at https://app-cdn.puzzel.com/public/js/pzl_loader.js:2:64936
    at https://app-cdn.puzzel.com/public/js/pzl_loader.js:2:2026
    at Generator.<anonymous> (https://app-cdn.puzzel.com/public/js/pzl_loader.js:2:5133)
    at Generator.next (https://app-cdn.puzzel.com/public/js/pzl_loader.js:2:628)
    at u (https://app-cdn.puzzel.com/public/js/pzl_loader.js:2:19822)
    at a (https://app-cdn.puzzel.com/public/js/pzl_loader.js:2:20025) @ https://app-cdn.puzzel.com/public/js/pzl_loader.js:1
[  127816ms] [ERROR] Failed to load resource: the server responded with a status of 404 (Not Found) @ https://app-commsrv.puzzel.com/api/time/49171_49171_time20:0
[  127817ms] [ERROR] Error in getTimeModuleExit for 49171_49171_time20: Error: handleRequest failed
    at https://app-cdn.puzzel.com/public/js/pzl_loader.js:2:64936
    at https://app-cdn.puzzel.com/public/js/pzl_loader.js:2:2026
    at Generator.<anonymous> (https://app-cdn.puzzel.com/public/js/pzl_loader.js:2:5133)
    at Generator.next (https://app-cdn.puzzel.com/public/js/pzl_loader.js:2:628)
    at u (https://app-cdn.puzzel.com/public/js/pzl_loader.js:2:19822)
    at a (https://app-cdn.puzzel.com/public/js/pzl_loader.js:2:20025) @ https://app-cdn.puzzel.com/public/js/pzl_loader.js:1
[  131046ms] [ERROR] Failed to load resource: the server responded with a status of 404 (Not Found) @ https://app-commsrv.puzzel.com/api/time/49171_49171_time20:0
[  131046ms] [ERROR] Error in getTimeModuleExit for 49171_49171_time20: Error: handleRequest failed
    at https://app-cdn.puzzel.com/public/js/pzl_loader.js:2:64936
    at https://app-cdn.puzzel.com/public/js/pzl_loader.js:2:2026
    at Generator.<anonymous> (https://app-cdn.puzzel.com/public/js/pzl_loader.js:2:5133)
    at Generator.next (https://app-cdn.puzzel.com/public/js/pzl_loader.js:2:628)
    at u (https://app-cdn.puzzel.com/public/js/pzl_loader.js:2:19822)
    at a (https://app-cdn.puzzel.com/public/js/pzl_loader.js:2:20025) @ https://app-cdn.puzzel.com/public/js/pzl_loader.js:1
[  140475ms] [ERROR] Failed to load resource: the server responded with a status of 404 (Not Found) @ https://app-commsrv.puzzel.com/api/time/49171_49171_time20:0
[  140475ms] [ERROR] Error in getTimeModuleExit for 49171_49171_time20: Error: handleRequest failed
    at https://app-cdn.puzzel.com/public/js/pzl_loader.js:2:64936
    at https://app-cdn.puzzel.com/public/js/pzl_loader.js:2:2026
    at Generator.<anonymous> (https://app-cdn.puzzel.com/public/js/pzl_loader.js:2:5133)
    at Generator.next (https://app-cdn.puzzel.com/public/js/pzl_loader.js:2:628)
    at u (https://app-cdn.puzzel.com/public/js/pzl_loader.js:2:19822)
    at a (https://app-cdn.puzzel.com/public/js/pzl_loader.js:2:20025) @ https://app-cdn.puzzel.com/public/js/pzl_loader.js:1
[  175964ms] [ERROR] Failed to load resource: the server responded with a status of 404 (Not Found) @ https://app-commsrv.puzzel.com/api/time/49171_49171_time20:0
[  175964ms] [ERROR] Error in getTimeModuleExit for 49171_49171_time20: Error: handleRequest failed
    at https://app-cdn.puzzel.com/public/js/pzl_loader.js:2:64936
    at https://app-cdn.puzzel.com/public/js/pzl_loader.js:2:2026
    at Generator.<anonymous> (https://app-cdn.puzzel.com/public/js/pzl_loader.js:2:5133)
    at Generator.next (https://app-cdn.puzzel.com/public/js/pzl_loader.js:2:628)
    at u (https://app-cdn.puzzel.com/public/js/pzl_loader.js:2:19822)
    at a (https://app-cdn.puzzel.com/public/js/pzl_loader.js:2:20025) @ https://app-cdn.puzzel.com/public/js/pzl_loader.js:1
[  176354ms] [ERROR] Failed to load resource: the server responded with a status of 404 (Not Found) @ https://app-commsrv.puzzel.com/api/time/49171_49171_time20:0
[  176354ms] [ERROR] Error in getTimeModuleExit for 49171_49171_time20: Error: handleRequest failed
    at https://app-cdn.puzzel.com/public/js/pzl_loader.js:2:64936
    at https://app-cdn.puzzel.com/public/js/pzl_loader.js:2:2026
    at Generator.<anonymous> (https://app-cdn.puzzel.com/public/js/pzl_loader.js:2:5133)
    at Generator.next (https://app-cdn.puzzel.com/public/js/pzl_loader.js:2:628)
    at u (https://app-cdn.puzzel.com/public/js/pzl_loader.js:2:19822)
    at a (https://app-cdn.puzzel.com/public/js/pzl_loader.js:2:20025) @ https://app-cdn.puzzel.com/public/js/pzl_loader.js:1
[  177133ms] [ERROR] Failed to load resource: the server responded with a status of 404 (Not Found) @ https://app-commsrv.puzzel.com/api/time/49171_49171_time20:0
[  177133ms] [ERROR] Error in getTimeModuleExit for 49171_49171_time20: Error: handleRequest failed
    at https://app-cdn.puzzel.com/public/js/pzl_loader.js:2:64936
    at https://app-cdn.puzzel.com/public/js/pzl_loader.js:2:2026
    at Generator.<anonymous> (https://app-cdn.puzzel.com/public/js/pzl_loader.js:2:5133)
    at Generator.next (https://app-cdn.puzzel.com/public/js/pzl_loader.js:2:628)
    at u (https://app-cdn.puzzel.com/public/js/pzl_loader.js:2:19822)
    at a (https://app-cdn.puzzel.com/public/js/pzl_loader.js:2:20025) @ https://app-cdn.puzzel.com/public/js/pzl_loader.js:1
[  216110ms] [ERROR] Failed to load resource: the server responded with a status of 404 (Not Found) @ https://app-commsrv.puzzel.com/api/time/49171_49171_time20:0
[  216111ms] [ERROR] Error in getTimeModuleExit for 49171_49171_time20: Error: handleRequest failed
    at https://app-cdn.puzzel.com/public/js/pzl_loader.js:2:64936
    at https://app-cdn.puzzel.com/public/js/pzl_loader.js:2:2026
    at Generator.<anonymous> (https://app-cdn.puzzel.com/public/js/pzl_loader.js:2:5133)
    at Generator.next (https://app-cdn.puzzel.com/public/js/pzl_loader.js:2:628)
    at u (https://app-cdn.puzzel.com/public/js/pzl_loader.js:2:19822)
    at a (https://app-cdn.puzzel.com/public/js/pzl_loader.js:2:20025) @ https://app-cdn.puzzel.com/public/js/pzl_loader.js:1
[  238404ms] [ERROR] Failed to load resource: the server responded with a status of 404 (Not Found) @ https://app-commsrv.puzzel.com/api/time/49171_49171_time20:0
[  238405ms] [ERROR] Error in getTimeModuleExit for 49171_49171_time20: Error: handleRequest failed
    at https://app-cdn.puzzel.com/public/js/pzl_loader.js:2:64936
    at https://app-cdn.puzzel.com/public/js/pzl_loader.js:2:2026
    at Generator.<anonymous> (https://app-cdn.puzzel.com/public/js/pzl_loader.js:2:5133)
    at Generator.next (https://app-cdn.puzzel.com/public/js/pzl_loader.js:2:628)
    at u (https://app-cdn.puzzel.com/public/js/pzl_loader.js:2:19822)
    at a (https://app-cdn.puzzel.com/public/js/pzl_loader.js:2:20025) @ https://app-cdn.puzzel.com/public/js/pzl_loader.js:1
[  249618ms] [ERROR] Failed to load resource: the server responded with a status of 404 (Not Found) @ https://app-commsrv.puzzel.com/api/time/49171_49171_time20:0
[  249618ms] [ERROR] Error in getTimeModuleExit for 49171_49171_time20: Error: handleRequest failed
    at https://app-cdn.puzzel.com/public/js/pzl_loader.js:2:64936
    at https://app-cdn.puzzel.com/public/js/pzl_loader.js:2:2026
    at Generator.<anonymous> (https://app-cdn.puzzel.com/public/js/pzl_loader.js:2:5133)
    at Generator.next (https://app-cdn.puzzel.com/public/js/pzl_loader.js:2:628)
    at u (https://app-cdn.puzzel.com/public/js/pzl_loader.js:2:19822)
    at a (https://app-cdn.puzzel.com/public/js/pzl_loader.js:2:20025) @ https://www.bauhaus.no/handoverfres-dewalt-dcw620nt-xj-18v-uten-batteri:9
[  270356ms] [ERROR] Failed to load resource: the server responded with a status of 404 (Not Found) @ https://app-commsrv.puzzel.com/api/time/49171_49171_time20:0
[  270356ms] [ERROR] Error in getTimeModuleExit for 49171_49171_time20: Error: handleRequest failed
    at https://app-cdn.puzzel.com/public/js/pzl_loader.js:2:64936
    at https://app-cdn.puzzel.com/public/js/pzl_loader.js:2:2026
    at Generator.<anonymous> (https://app-cdn.puzzel.com/public/js/pzl_loader.js:2:5133)
    at Generator.next (https://app-cdn.puzzel.com/public/js/pzl_loader.js:2:628)
    at u (https://app-cdn.puzzel.com/public/js/pzl_loader.js:2:19822)
    at a (https://app-cdn.puzzel.com/public/js/pzl_loader.js:2:20025) @ https://app-cdn.puzzel.com/public/js/pzl_loader.js:1
[  284562ms] [ERROR] Failed to load resource: the server responded with a status of 404 (Not Found) @ https://app-commsrv.puzzel.com/api/time/49171_49171_time20:0
[  284562ms] [ERROR] Error in getTimeModuleExit for 49171_49171_time20: Error: handleRequest failed
    at https://app-cdn.puzzel.com/public/js/pzl_loader.js:2:64936
    at https://app-cdn.puzzel.com/public/js/pzl_loader.js:2:2026
    at Generator.<anonymous> (https://app-cdn.puzzel.com/public/js/pzl_loader.js:2:5133)
    at Generator.next (https://app-cdn.puzzel.com/public/js/pzl_loader.js:2:628)
    at u (https://app-cdn.puzzel.com/public/js/pzl_loader.js:2:19822)
    at a (https://app-cdn.puzzel.com/public/js/pzl_loader.js:2:20025) @ https://app-cdn.puzzel.com/public/js/pzl_loader.js:1
[  289167ms] [ERROR] Failed to load resource: the server responded with a status of 404 (Not Found) @ https://app-commsrv.puzzel.com/api/time/49171_49171_time20:0
[  289168ms] [ERROR] Error in getTimeModuleExit for 49171_49171_time20: Error: handleRequest failed
    at https://app-cdn.puzzel.com/public/js/pzl_loader.js:2:64936
    at https://app-cdn.puzzel.com/public/js/pzl_loader.js:2:2026
    at Generator.<anonymous> (https://app-cdn.puzzel.com/public/js/pzl_loader.js:2:5133)
    at Generator.next (https://app-cdn.puzzel.com/public/js/pzl_loader.js:2:628)
    at u (https://app-cdn.puzzel.com/public/js/pzl_loader.js:2:19822)
    at a (https://app-cdn.puzzel.com/public/js/pzl_loader.js:2:20025) @ https://app-cdn.puzzel.com/public/js/pzl_loader.js:1
[  289351ms] [ERROR] Failed to load resource: the server responded with a status of 404 (Not Found) @ https://app-commsrv.puzzel.com/api/time/49171_49171_time20:0
[  289351ms] [ERROR] Error in getTimeModuleExit for 49171_49171_time20: Error: handleRequest failed
    at https://app-cdn.puzzel.com/public/js/pzl_loader.js:2:64936
    at https://app-cdn.puzzel.com/public/js/pzl_loader.js:2:2026
    at Generator.<anonymous> (https://app-cdn.puzzel.com/public/js/pzl_loader.js:2:5133)
    at Generator.next (https://app-cdn.puzzel.com/public/js/pzl_loader.js:2:628)
    at u (https://app-cdn.puzzel.com/public/js/pzl_loader.js:2:19822)
    at a (https://app-cdn.puzzel.com/public/js/pzl_loader.js:2:20025) @ https://app-cdn.puzzel.com/public/js/pzl_loader.js:1
[  291602ms] [ERROR] Failed to load resource: the server responded with a status of 404 (Not Found) @ https://app-commsrv.puzzel.com/api/time/49171_49171_time20:0
[  291602ms] [ERROR] Error in getTimeModuleExit for 49171_49171_time20: Error: handleRequest failed
    at https://app-cdn.puzzel.com/public/js/pzl_loader.js:2:64936
    at https://app-cdn.puzzel.com/public/js/pzl_loader.js:2:2026
    at Generator.<anonymous> (https://app-cdn.puzzel.com/public/js/pzl_loader.js:2:5133)
    at Generator.next (https://app-cdn.puzzel.com/public/js/pzl_loader.js:2:628)
    at u (https://app-cdn.puzzel.com/public/js/pzl_loader.js:2:19822)
    at a (https://app-cdn.puzzel.com/public/js/pzl_loader.js:2:20025) @ https://app-cdn.puzzel.com/public/js/pzl_loader.js:1
[  293890ms] [ERROR] Failed to load resource: the server responded with a status of 404 (Not Found) @ https://app-commsrv.puzzel.com/api/time/49171_49171_time20:0
[  293890ms] [ERROR] Error in getTimeModuleExit for 49171_49171_time20: Error: handleRequest failed
    at https://app-cdn.puzzel.com/public/js/pzl_loader.js:2:64936
    at https://app-cdn.puzzel.com/public/js/pzl_loader.js:2:2026
    at Generator.<anonymous> (https://app-cdn.puzzel.com/public/js/pzl_loader.js:2:5133)
    at Generator.next (https://app-cdn.puzzel.com/public/js/pzl_loader.js:2:628)
    at u (https://app-cdn.puzzel.com/public/js/pzl_loader.js:2:19822)
    at a (https://app-cdn.puzzel.com/public/js/pzl_loader.js:2:20025) @ https://app-cdn.puzzel.com/public/js/pzl_loader.js:1
[  294535ms] [ERROR] Failed to load resource: the server responded with a status of 404 (Not Found) @ https://app-commsrv.puzzel.com/api/time/49171_49171_time20:0
[  294535ms] [ERROR] Error in getTimeModuleExit for 49171_49171_time20: Error: handleRequest failed
    at https://app-cdn.puzzel.com/public/js/pzl_loader.js:2:64936
    at https://app-cdn.puzzel.com/public/js/pzl_loader.js:2:2026
    at Generator.<anonymous> (https://app-cdn.puzzel.com/public/js/pzl_loader.js:2:5133)
    at Generator.next (https://app-cdn.puzzel.com/public/js/pzl_loader.js:2:628)
    at u (https://app-cdn.puzzel.com/public/js/pzl_loader.js:2:19822)
    at a (https://app-cdn.puzzel.com/public/js/pzl_loader.js:2:20025) @ https://app-cdn.puzzel.com/public/js/pzl_loader.js:1
[  296918ms] [ERROR] Failed to load resource: the server responded with a status of 404 (Not Found) @ https://app-commsrv.puzzel.com/api/time/49171_49171_time20:0
[  296918ms] [ERROR] Error in getTimeModuleExit for 49171_49171_time20: Error: handleRequest failed
    at https://app-cdn.puzzel.com/public/js/pzl_loader.js:2:64936
    at https://app-cdn.puzzel.com/public/js/pzl_loader.js:2:2026
    at Generator.<anonymous> (https://app-cdn.puzzel.com/public/js/pzl_loader.js:2:5133)
    at Generator.next (https://app-cdn.puzzel.com/public/js/pzl_loader.js:2:628)
    at u (https://app-cdn.puzzel.com/public/js/pzl_loader.js:2:19822)
    at a (https://app-cdn.puzzel.com/public/js/pzl_loader.js:2:20025) @ https://app-cdn.puzzel.com/public/js/pzl_loader.js:1
